// Jest Snapshot v1, https://goo.gl/fbAQLP

exports[`Button renders 1`] = `
<button
  className="waves-effect waves-light btn"
  onClick={undefined}
  style={
    Object {
      "backgroundColor": "#1565c0",
      "margin": "2px",
    }
  }
>
  This is a button.
</button>
`;
